2025-11-22 11:52:33,210- INFO - Successfully fetched data from RemoteOK.
2025-11-22 14:54:53,626- INFO - Successfully fetched data from RemoteOK.
2025-11-26 12:52:23,297- INFO - \U0001f680 Starting data pipeline...
2025-11-26 12:52:23,297- INFO - \U0001f4e5 Step 1: Scraping jobs from remoteok...
2025-11-26 12:52:26,927- INFO - Successfully fetched data from RemoteOK.
2025-11-26 12:52:26,964- INFO - \U0001f4e5 Step 2: Scraping jobs from weworkremotely...
2025-11-26 12:52:28,564- INFO - \U0001f50d Step 3: Parsing HTML from remoteok...
2025-11-26 12:52:28,661- INFO - \U0001f50d Step 4: Parsing HTML from weworkremotely...
2025-11-26 12:52:28,661- ERROR - \u274c Pipeline failed: [Errno 2] No such file or directory: '..\\data\\raw\\jobs_weworkremotely.html'
2025-11-26 12:54:16,326- INFO - \U0001f680 Starting data pipeline...
2025-11-26 12:54:16,326- INFO - \U0001f4e5 Step 1: Scraping jobs from remoteok...
2025-11-26 12:54:17,817- INFO - Successfully fetched data from RemoteOK.
2025-11-26 12:54:17,824- INFO - \U0001f4e5 Step 2: Scraping jobs from weworkremotely...
2025-11-26 12:54:20,272- INFO - \U0001f50d Step 3: Parsing HTML from remoteok...
2025-11-26 12:54:20,348- INFO - \U0001f50d Step 4: Parsing HTML from weworkremotely...
2025-11-26 12:54:22,198- INFO - \U0001f9f9 Step 5: Cleaning data...
2025-11-26 12:54:22,201- ERROR - \u274c Pipeline failed: [Errno 2] No such file or directory: 'jobs_remoteok.csv'
2025-11-26 13:04:32,523- INFO - \U0001f680 Starting data pipeline...
2025-11-26 13:04:32,524- INFO - \U0001f4e5 Step 1: Scraping jobs from remoteok...
2025-11-26 13:04:34,069- INFO - Successfully fetched data from RemoteOK.
2025-11-26 13:04:34,076- INFO - \U0001f4e5 Step 2: Scraping jobs from weworkremotely...
2025-11-26 13:04:35,574- INFO - \U0001f50d Step 3: Parsing HTML from remoteok...
2025-11-26 13:04:35,653- INFO - \U0001f50d Step 4: Parsing HTML from weworkremotely...
2025-11-26 13:04:37,153- INFO - \U0001f9f9 Step 5: Cleaning data...
2025-11-26 13:04:37,155- ERROR - \u274c Pipeline failed: [Errno 2] No such file or directory: 'jobs_remoteok.csv'
2025-11-26 13:06:03,204- INFO - \U0001f680 Starting data pipeline...
2025-11-26 13:06:03,204- INFO - \U0001f4e5 Step 1: Scraping jobs from remoteok...
2025-11-26 13:06:04,864- INFO - Successfully fetched data from RemoteOK.
2025-11-26 13:06:04,872- INFO - \U0001f4e5 Step 2: Scraping jobs from weworkremotely...
2025-11-26 13:06:06,424- INFO - \U0001f50d Step 3: Parsing HTML from remoteok...
2025-11-26 13:06:06,501- INFO - \U0001f50d Step 4: Parsing HTML from weworkremotely...
2025-11-26 13:06:08,060- INFO - \U0001f9f9 Step 5: Cleaning data...
2025-11-26 13:06:08,178- ERROR - \u274c Pipeline failed: "['salary, apply_link'] not in index"
2025-11-26 13:11:06,665- INFO - \U0001f680 Starting data pipeline...
2025-11-26 13:11:06,665- INFO - \U0001f4e5 Step 1: Scraping jobs from remoteok...
2025-11-26 13:11:08,266- INFO - Successfully fetched data from RemoteOK.
2025-11-26 13:11:08,273- INFO - \U0001f4e5 Step 2: Scraping jobs from weworkremotely...
2025-11-26 13:11:09,631- INFO - \U0001f50d Step 3: Parsing HTML from remoteok...
2025-11-26 13:11:09,720- INFO - \U0001f50d Step 4: Parsing HTML from weworkremotely...
2025-11-26 13:11:11,403- INFO - \U0001f9f9 Step 5: Cleaning data...
2025-11-26 13:11:11,494- ERROR - \u274c Pipeline failed: "['salary, apply_link'] not in index"
2025-11-26 13:20:45,450- INFO - \U0001f680 Starting data pipeline...
2025-11-26 13:20:45,450- INFO - \U0001f4e5 Step 1: Scraping jobs from remoteok...
2025-11-26 13:20:47,073- INFO - Successfully fetched data from RemoteOK.
2025-11-26 13:20:47,080- INFO - \U0001f4e5 Step 2: Scraping jobs from weworkremotely...
2025-11-26 13:20:48,496- INFO - \U0001f50d Step 3: Parsing HTML from remoteok...
2025-11-26 13:20:48,578- INFO - \U0001f50d Step 4: Parsing HTML from weworkremotely...
2025-11-26 13:20:50,156- INFO - \U0001f9f9 Step 5: Cleaning data...
2025-11-26 13:20:50,158- ERROR - \u274c Pipeline failed: [Errno 2] No such file or directory: 'jobs_remoteok.csv'
2025-11-26 13:21:17,354- INFO - \U0001f680 Starting data pipeline...
2025-11-26 13:21:17,354- INFO - \U0001f4e5 Step 1: Scraping jobs from remoteok...
2025-11-26 13:21:18,917- INFO - Successfully fetched data from RemoteOK.
2025-11-26 13:21:18,924- INFO - \U0001f4e5 Step 2: Scraping jobs from weworkremotely...
2025-11-26 13:21:20,230- INFO - \U0001f50d Step 3: Parsing HTML from remoteok...
2025-11-26 13:21:20,307- INFO - \U0001f50d Step 4: Parsing HTML from weworkremotely...
2025-11-26 13:21:21,932- INFO - \U0001f9f9 Step 5: Cleaning data...
2025-11-26 13:21:22,063- INFO - \U0001f4be Step 6: Loading to database...
2025-11-26 13:21:24,061- INFO - \U0001f4ca Step 7: Updating analytics...
2025-11-26 13:21:24,061- INFO - \u2705 Pipeline completed successfully in 6.71 seconds
2025-11-26 14:51:24,226- INFO - \U0001f680 Starting data pipeline...
2025-11-26 14:51:24,228- INFO - \U0001f4e5 Step 1: Scraping jobs from remoteok...
2025-11-26 14:51:27,791- INFO - Successfully fetched data from RemoteOK.
2025-11-26 14:51:27,797- INFO - \U0001f4e5 Step 2: Scraping jobs from weworkremotely...
2025-11-26 14:51:29,460- INFO - \U0001f50d Step 3: Parsing HTML from remoteok...
2025-11-26 14:51:29,531- INFO - \U0001f50d Step 4: Parsing HTML from weworkremotely...
2025-11-26 14:51:31,284- INFO - \U0001f9f9 Step 5: Cleaning data...
2025-11-26 14:51:31,440- INFO - \U0001f4be Step 6: Loading to database...
2025-11-26 14:51:32,077- INFO - \U0001f4ca Step 7: Updating analytics...
2025-11-26 14:51:32,078- INFO - \u2705 Pipeline completed successfully in 7.85 seconds
2025-11-26 14:55:31,152- INFO - \U0001f680 Starting data pipeline...
2025-11-26 14:55:31,152- INFO - \U0001f4e5 Step 1: Scraping jobs from remoteok...
2025-11-26 14:55:32,674- INFO - Successfully fetched data from RemoteOK.
2025-11-26 14:55:32,679- INFO - \U0001f4e5 Step 2: Scraping jobs from weworkremotely...
2025-11-26 14:55:34,224- INFO - \U0001f50d Step 3: Parsing HTML from remoteok...
2025-11-26 14:55:34,294- INFO - \U0001f50d Step 4: Parsing HTML from weworkremotely...
2025-11-26 14:55:35,694- INFO - \U0001f9f9 Step 5: Cleaning data...
2025-11-26 14:55:35,787- INFO - \U0001f4be Step 6: Loading to database...
2025-11-26 14:55:35,787- ERROR - \u274c Pipeline failed: [Errno 2] No such file or directory: 'data/processed/jobs_clean.csv'
2025-11-26 14:57:03,578- INFO - \U0001f680 Starting data pipeline...
2025-11-26 14:57:03,578- INFO - \U0001f4e5 Step 1: Scraping jobs from remoteok...
2025-11-26 14:57:05,114- INFO - Successfully fetched data from RemoteOK.
2025-11-26 14:57:05,125- INFO - \U0001f4e5 Step 2: Scraping jobs from weworkremotely...
2025-11-26 14:57:06,600- INFO - \U0001f50d Step 3: Parsing HTML from remoteok...
2025-11-26 14:57:06,670- INFO - \U0001f50d Step 4: Parsing HTML from weworkremotely...
2025-11-26 14:57:08,017- INFO - \U0001f9f9 Step 5: Cleaning data...
2025-11-26 14:57:08,110- INFO - \U0001f4be Step 6: Loading to database...
2025-11-26 14:57:08,110- ERROR - \u274c Pipeline failed: [Errno 2] No such file or directory: 'data/processed/jobs_clean.csv'
2025-11-26 14:59:36,411- INFO - \U0001f680 Starting data pipeline...
2025-11-26 14:59:36,411- INFO - \U0001f4e5 Step 1: Scraping jobs from remoteok...
2025-11-26 14:59:37,955- INFO - Successfully fetched data from RemoteOK.
2025-11-26 14:59:37,963- INFO - \U0001f4e5 Step 2: Scraping jobs from weworkremotely...
2025-11-26 14:59:39,648- INFO - \U0001f50d Step 3: Parsing HTML from remoteok...
2025-11-26 14:59:39,738- INFO - \U0001f50d Step 4: Parsing HTML from weworkremotely...
2025-11-26 14:59:41,194- INFO - \U0001f9f9 Step 5: Cleaning data...
2025-11-26 14:59:41,305- INFO - \U0001f4be Step 6: Loading to database...
2025-11-26 14:59:41,849- INFO - \U0001f4ca Step 7: Updating analytics...
2025-11-26 14:59:41,849- INFO - \u2705 Pipeline completed successfully in 5.44 seconds
2025-11-26 16:01:52,666- INFO - \U0001f680 Starting data pipeline...
2025-11-26 16:01:52,678- INFO - \U0001f4e5 Step 1: Scraping jobs from remoteok...
2025-11-26 16:01:56,475- INFO - Successfully fetched data from RemoteOK.
2025-11-26 16:01:56,516- INFO - \U0001f4e5 Step 2: Scraping jobs from weworkremotely...
2025-11-26 16:01:58,564- INFO - \U0001f50d Step 3: Parsing HTML from remoteok...
2025-11-26 16:01:58,668- INFO - \U0001f50d Step 4: Parsing HTML from weworkremotely...
2025-11-26 16:02:00,377- INFO - \U0001f9f9 Step 5: Cleaning data...
2025-11-26 16:02:00,541- INFO - \U0001f4be Step 6: Loading to database...
2025-11-26 16:02:02,334- INFO - \U0001f4ca Step 7: Updating analytics...
2025-11-26 16:02:02,334- INFO - \u2705 Pipeline completed successfully in 9.67 seconds
